App.tsx(19,19): error TS2339: Property 'ErrorUtils' does not exist on type 'typeof globalThis'.
App.tsx(20,34): error TS2339: Property 'ErrorUtils' does not exist on type 'typeof globalThis'.
App.tsx(21,11): error TS2339: Property 'ErrorUtils' does not exist on type 'typeof globalThis'.
App.tsx(110,29): error TS2345: Argument of type '"AUTH_ERROR"' is not assignable to parameter of type 'EventType'.
src/components/AccountModal.tsx(573,11): error TS2322: Type '{ gradientTrack: true; value: number; onValueChange: (hue: number) => void; onSlidingComplete: (hue: number) => Promise<void>; minimumValue: number; maximumValue: number; step: number; thumbTintColor: string; }' is not assignable to type 'IntrinsicAttributes & CustomSliderProps'.
  Property 'step' does not exist on type 'IntrinsicAttributes & CustomSliderProps'.
src/components/AccountModal.tsx(871,84): error TS2339: Property 'textPrimary' does not exist on type '{ background: string; surface: string; surfaceHighlight: string; primary: string; secondary: string; accent: string; text: string; textMuted: string; success: string; error: string; isDark: boolean; }'.
src/components/AdminToolsModal.tsx(34,7): error TS2740: Type '{ APP_OPENED: { icon: string; color: string; label: string; }; SCAN_STARTED: { icon: string; color: string; label: string; }; SCAN_COMPLETED: { icon: string; color: string; label: string; }; SCAN_FILTER_MATCH: { ...; }; ... 52 more ...; SPEED_REACTIVE_DISABLED: { ...; }; }' is missing the following properties from type 'Record<EventType, { icon: string; color: string; label: string; }>': VOICE_RESULT, VOICE_ERROR, VOICE_SPATIAL_APPLIED, MUSIC_CONFIG_REQUESTED, and 11 more.
src/components/DockedController.tsx(891,30): error TS2345: Argument of type 'number | undefined' is not assignable to parameter of type 'SetStateAction<number>'.
  Type 'undefined' is not assignable to type 'SetStateAction<number>'.
src/components/DockedController.tsx(892,70): error TS2345: Argument of type 'number | undefined' is not assignable to parameter of type 'number'.
  Type 'undefined' is not assignable to type 'number'.
src/components/DockedController.tsx(895,27): error TS2345: Argument of type 'number | undefined' is not assignable to parameter of type 'SetStateAction<number>'.
  Type 'undefined' is not assignable to type 'SetStateAction<number>'.
src/components/DockedController.tsx(904,27): error TS2345: Argument of type 'number | undefined' is not assignable to parameter of type 'SetStateAction<number>'.
  Type 'undefined' is not assignable to type 'SetStateAction<number>'.
src/components/DockedController.tsx(905,27): error TS2345: Argument of type '"FOREGROUND" | "BACKGROUND" | undefined' is not assignable to parameter of type 'SetStateAction<"FOREGROUND" | "BACKGROUND">'.
  Type 'undefined' is not assignable to type 'SetStateAction<"FOREGROUND" | "BACKGROUND">'.
src/components/DockedController.tsx(906,25): error TS2345: Argument of type 'string | undefined' is not assignable to parameter of type 'SetStateAction<string>'.
  Type 'undefined' is not assignable to type 'SetStateAction<string>'.
src/components/DockedController.tsx(907,25): error TS2345: Argument of type 'string | undefined' is not assignable to parameter of type 'SetStateAction<string>'.
  Type 'undefined' is not assignable to type 'SetStateAction<string>'.
src/components/DockedController.tsx(928,30): error TS18048: 'fav.color' is possibly 'undefined'.
src/components/DockedController.tsx(928,72): error TS18048: 'fav.color' is possibly 'undefined'.
src/components/DockedController.tsx(928,114): error TS18048: 'fav.color' is possibly 'undefined'.
src/components/DockedController.tsx(1497,50): error TS2339: Property 'isActive' does not exist on type 'ProductProfile'.
src/components/DockedController.tsx(1596,27): error TS2769: No overload matches this call.
  Overload 1 of 2, '(props: LinearGradientProps): LinearGradient', gave the following error.
    Type 'string[]' is not assignable to type 'readonly [ColorValue, ColorValue, ...ColorValue[]]'.
      Source provides no match for required element at position 0 in target.
  Overload 2 of 2, '(props: LinearGradientProps, context: any): LinearGradient', gave the following error.
    Type 'string[]' is not assignable to type 'readonly [ColorValue, ColorValue, ...ColorValue[]]'.
      Source provides no match for required element at position 0 in target.
src/components/DockedController.tsx(1704,27): error TS2769: No overload matches this call.
  Overload 1 of 2, '(props: LinearGradientProps): LinearGradient', gave the following error.
    Type 'string[]' is not assignable to type 'readonly [ColorValue, ColorValue, ...ColorValue[]]'.
      Source provides no match for required element at position 0 in target.
  Overload 2 of 2, '(props: LinearGradientProps, context: any): LinearGradient', gave the following error.
    Type 'string[]' is not assignable to type 'readonly [ColorValue, ColorValue, ...ColorValue[]]'.
      Source provides no match for required element at position 0 in target.
src/hooks/useBLE.ts(572,68): error TS2345: Argument of type 'unknown' is not assignable to parameter of type 'Record<string, any> | undefined'.
src/hooks/useBLE.ts(765,57): error TS2345: Argument of type 'unknown' is not assignable to parameter of type 'Record<string, any> | undefined'.
src/hooks/useBLE.ts(871,79): error TS2345: Argument of type 'unknown' is not assignable to parameter of type 'Record<string, any> | undefined'.
src/hooks/useProductCatalog.ts(29,3): error TS2741: Property 'batteryCapacityMilliAmpereHour' is missing in type '{ id: any; displayName: any; defaultLedPoints: any; defaultSegments: any; defaultIcType: any; defaultColorSorting: any; detectMinPoints: any; detectMaxPoints: any; vizShape: any; vizDefaultPoints: any; ... 5 more ...; vizStripOrientation: any; }' but required in type 'ProductProfile'.
src/hooks/useRegistration.ts(77,7): error TS2304: Cannot find name 'AppLogger'.
src/hooks/useRegistration.ts(108,7): error TS2304: Cannot find name 'AppLogger'.
src/hooks/useRegistration.ts(159,13): error TS2304: Cannot find name 'AppLogger'.
src/hooks/useRegistration.ts(200,7): error TS2304: Cannot find name 'AppLogger'.
src/hooks/useRegistration.ts(259,7): error TS2304: Cannot find name 'AppLogger'.
src/hooks/useRegistration.ts(284,7): error TS2304: Cannot find name 'AppLogger'.
src/hooks/useRegistration.ts(365,7): error TS2304: Cannot find name 'AppLogger'.
src/hooks/useRegistration.ts(395,19): error TS2304: Cannot find name 'AppLogger'.
src/hooks/useRegistration.ts(418,11): error TS2304: Cannot find name 'AppLogger'.
src/hooks/useRegistration.ts(448,20): error TS2304: Cannot find name 'AppLogger'.
src/hooks/useRegistration.ts(454,7): error TS2304: Cannot find name 'AppLogger'.
src/screens/DashboardScreen.tsx(885,66): error TS2345: Argument of type 'unknown' is not assignable to parameter of type 'Record<string, any> | undefined'.
src/screens/DashboardScreen.tsx(907,67): error TS2345: Argument of type 'unknown' is not assignable to parameter of type 'Record<string, any> | undefined'.
src/screens/DashboardScreen.tsx(1062,68): error TS2345: Argument of type 'unknown' is not assignable to parameter of type 'Record<string, any> | undefined'.
src/screens/DashboardScreen.tsx(1316,60): error TS2345: Argument of type 'unknown' is not assignable to parameter of type 'Record<string, any> | undefined'.
src/screens/DashboardScreen.tsx(1494,36): error TS2339: Property 'typography' does not exist on type '{ safeArea: { flex: number; backgroundColor: string; }; container: { flex: number; }; card: { backgroundColor: string; borderRadius: number; padding: number; borderWidth: number; borderColor: string; ... 4 more ...; elevation: number; }; ... 41 more ...; deviceListFixed: { ...; }; }'.
src/screens/Onboarding/HardwareSetupWizardScreen.tsx(45,28): error TS2554: Expected 0 arguments, but got 1.
src/screens/SkateMapScreen.tsx(61,31): error TS2345: Argument of type 'Partial<{ adult_night_details: string | null; created_at: string | null; id: string; is_indoor: boolean | null; is_verified: boolean | null; lat: number; lng: number; name: string; source: string | null; surface_type: "unknown" | ... 4 more ... | null; updated_at: string | null; updated_by: string | null; }>' is not assignable to parameter of type '{ adult_night_details: string | null; created_at: string | null; id: string; is_indoor: boolean | null; is_verified: boolean | null; lat: number; lng: number; name: string; source: string | null; surface_type: "unknown" | ... 4 more ... | null; updated_at: string | null; updated_by: string | null; }'.
  Types of property 'adult_night_details' are incompatible.
    Type 'string | null | undefined' is not assignable to type 'string | null'.
      Type 'undefined' is not assignable to type 'string | null'.
src/screens/SkateMapScreen.tsx(221,5): error TS2345: Argument of type '{ container: { flex: number; backgroundColor: string; }; map: { position: "absolute"; left: 0; right: 0; top: 0; bottom: 0; }; header: { position: "absolute"; top: number; left: number; right: number; flexDirection: "row"; alignItems: "center"; gap: number; }; ... 5 more ...; loadingText: { ...; }; }' is not assignable to parameter of type '{ container: { flex: number; backgroundColor: string; }; map: { position: "absolute"; left: 0; right: 0; top: 0; bottom: 0; }; header: { position: "absolute"; top: number; left: number; right: number; flexDirection: "row"; alignItems: "center"; gap: number; }; ... 5 more ...; loadingText: { ...; }; } & NamedStyles<....'.
  Property 'backButton' is incompatible with index signature.
    Object literal may only specify known properties, and 'backdropFilter' does not exist in type 'ViewStyle | TextStyle | ImageStyle'.
src/services/SpeedTrackingService.ts(154,23): error TS7006: Parameter 'r' implicitly has an 'any' type.
src/services/SpeedTrackingService.ts(192,47): error TS7006: Parameter 's' implicitly has an 'any' type.
src/services/SpeedTrackingService.ts(192,50): error TS7006: Parameter 'r' implicitly has an 'any' type.
src/services/SpeedTrackingService.ts(193,45): error TS7006: Parameter 's' implicitly has an 'any' type.
src/services/SpeedTrackingService.ts(193,48): error TS7006: Parameter 'r' implicitly has an 'any' type.
src/services/SpeedTrackingService.ts(194,57): error TS7006: Parameter 'r' implicitly has an 'any' type.
src/services/SpeedTrackingService.ts(195,48): error TS7006: Parameter 's' implicitly has an 'any' type.
src/services/SpeedTrackingService.ts(195,51): error TS7006: Parameter 'r' implicitly has an 'any' type.
src/services/SpeedTrackingService.ts(196,45): error TS7006: Parameter 's' implicitly has an 'any' type.
src/services/SpeedTrackingService.ts(196,48): error TS7006: Parameter 'r' implicitly has an 'any' type.
temp_telemetry_test.ts(2,25): error TS2307: Cannot find module 'dotenv' or its corresponding type declarations.
